[2026-05-24 11:17:23] production.ERROR: The "--compact" option does not exist. {"exception":"[object] (Symfony\\Component\\Console\\Exception\\RuntimeException(code: 0): The \"--compact\" option does not exist. at /Users/mohamedmahgoub/Desktop/Muntajat/Muntajat_auto/sapconnect/vendor/symfony/console/Input/ArgvInput.php:226)
[stacktrace]
#0 /Users/mohamedmahgoub/Desktop/Muntajat/Muntajat_auto/sapconnect/vendor/symfony/console/Input/ArgvInput.php(155): Symfony\\Component\\Console\\Input\\ArgvInput->addLongOption('compact', NULL)
#1 /Users/mohamedmahgoub/Desktop/Muntajat/Muntajat_auto/sapconnect/vendor/symfony/console/Input/ArgvInput.php(88): Symfony\\Component\\Console\\Input\\ArgvInput->parseLongOption('--compact')
#2 /Users/mohamedmahgoub/Desktop/Muntajat/Muntajat_auto/sapconnect/vendor/symfony/console/Input/ArgvInput.php(77): Symfony\\Component\\Console\\Input\\ArgvInput->parseToken('--compact', true)
#3 /Users/mohamedmahgoub/Desktop/Muntajat/Muntajat_auto/sapconnect/vendor/symfony/console/Input/Input.php(53): Symfony\\Component\\Console\\Input\\ArgvInput->parse()
#4 /Users/mohamedmahgoub/Desktop/Muntajat/Muntajat_auto/sapconnect/vendor/symfony/console/Command/Command.php(295): Symfony\\Component\\Console\\Input\\Input->bind(Object(Symfony\\Component\\Console\\Input\\InputDefinition))
#5 /Users/mohamedmahgoub/Desktop/Muntajat/Muntajat_auto/sapconnect/vendor/laravel/framework/src/Illuminate/Console/Command.php(182): Symfony\\Component\\Console\\Command\\Command->run(Object(Symfony\\Component\\Console\\Input\\ArgvInput), Object(Illuminate\\Console\\OutputStyle))
#6 /Users/mohamedmahgoub/Desktop/Muntajat/Muntajat_auto/sapconnect/vendor/symfony/console/Application.php(1117): Illuminate\\Console\\Command->run(Object(Symfony\\Component\\Console\\Input\\ArgvInput), Object(Symfony\\Component\\Console\\Output\\ConsoleOutput))
#7 /Users/mohamedmahgoub/Desktop/Muntajat/Muntajat_auto/sapconnect/vendor/symfony/console/Application.php(356): Symfony\\Component\\Console\\Application->doRunCommand(Object(Illuminate\\Foundation\\Console\\RouteListCommand), Object(Symfony\\Component\\Console\\Input\\ArgvInput), Object(Symfony\\Component\\Console\\Output\\ConsoleOutput))
#8 /Users/mohamedmahgoub/Desktop/Muntajat/Muntajat_auto/sapconnect/vendor/symfony/console/Application.php(195): Symfony\\Component\\Console\\Application->doRun(Object(Symfony\\Component\\Console\\Input\\ArgvInput), Object(Symfony\\Component\\Console\\Output\\ConsoleOutput))
#9 /Users/mohamedmahgoub/Desktop/Muntajat/Muntajat_auto/sapconnect/vendor/laravel/framework/src/Illuminate/Foundation/Console/Kernel.php(198): Symfony\\Component\\Console\\Application->run(Object(Symfony\\Component\\Console\\Input\\ArgvInput), Object(Symfony\\Component\\Console\\Output\\ConsoleOutput))
#10 /Users/mohamedmahgoub/Desktop/Muntajat/Muntajat_auto/sapconnect/vendor/laravel/framework/src/Illuminate/Foundation/Application.php(1235): Illuminate\\Foundation\\Console\\Kernel->handle(Object(Symfony\\Component\\Console\\Input\\ArgvInput), Object(Symfony\\Component\\Console\\Output\\ConsoleOutput))
#11 /Users/mohamedmahgoub/Desktop/Muntajat/Muntajat_auto/sapconnect/artisan(15): Illuminate\\Foundation\\Application->handleCommand(Object(Symfony\\Component\\Console\\Input\\ArgvInput), Object(Symfony\\Component\\Console\\Output\\ConsoleOutput))
#12 {main}
"} 
[2026-05-24 13:22:24] production.ERROR: Suppliers Sync Failed [PPTC_V5_PROD]: SQLSTATE[HY000]: General error: 1 no such table: cache (Connection: sqlite, SQL: select * from "cache" where "key" in (laravel_cache_sap_b1_session_f5de3fe401b9c08de81ea57632427dfe))  
[2026-05-24 13:22:30] production.ERROR: SQLSTATE[HY000]: General error: 1 no such table: cache (Connection: sqlite, SQL: delete from "cache") {"exception":"[object] (Illuminate\\Database\\QueryException(code: HY000): SQLSTATE[HY000]: General error: 1 no such table: cache (Connection: sqlite, SQL: delete from \"cache\") at /Users/mohamedmahgoub/Desktop/Muntajat/Muntajat_auto/sapconnect/vendor/laravel/framework/src/Illuminate/Database/Connection.php:825)
[stacktrace]
#0 /Users/mohamedmahgoub/Desktop/Muntajat/Muntajat_auto/sapconnect/vendor/laravel/framework/src/Illuminate/Database/Connection.php(779): Illuminate\\Database\\Connection->runQueryCallback('delete from \"ca...', Array, Object(Closure))
#1 /Users/mohamedmahgoub/Desktop/Muntajat/Muntajat_auto/sapconnect/vendor/laravel/framework/src/Illuminate/Database/Connection.php(584): Illuminate\\Database\\Connection->run('delete from \"ca...', Array, Object(Closure))
#2 /Users/mohamedmahgoub/Desktop/Muntajat/Muntajat_auto/sapconnect/vendor/laravel/framework/src/Illuminate/Database/Connection.php(548): Illuminate\\Database\\Connection->affectingStatement('delete from \"ca...', Array)
#3 /Users/mohamedmahgoub/Desktop/Muntajat/Muntajat_auto/sapconnect/vendor/laravel/framework/src/Illuminate/Database/Query/Builder.php(4024): Illuminate\\Database\\Connection->delete('delete from \"ca...', Array)
#4 /Users/mohamedmahgoub/Desktop/Muntajat/Muntajat_auto/sapconnect/vendor/laravel/framework/src/Illuminate/Cache/DatabaseStore.php(422): Illuminate\\Database\\Query\\Builder->delete()
#5 /Users/mohamedmahgoub/Desktop/Muntajat/Muntajat_auto/sapconnect/vendor/laravel/framework/src/Illuminate/Cache/Repository.php(792): Illuminate\\Cache\\DatabaseStore->flush()
#6 /Users/mohamedmahgoub/Desktop/Muntajat/Muntajat_auto/sapconnect/vendor/laravel/framework/src/Illuminate/Cache/Console/ClearCommand.php(69): Illuminate\\Cache\\Repository->__call('flush', Array)
#7 /Users/mohamedmahgoub/Desktop/Muntajat/Muntajat_auto/sapconnect/vendor/laravel/framework/src/Illuminate/Container/BoundMethod.php(36): Illuminate\\Cache\\Console\\ClearCommand->handle()
#8 /Users/mohamedmahgoub/Desktop/Muntajat/Muntajat_auto/sapconnect/vendor/laravel/framework/src/Illuminate/Container/Util.php(43): Illuminate\\Container\\BoundMethod::Illuminate\\Container\\{closure}()
#9 /Users/mohamedmahgoub/Desktop/Muntajat/Muntajat_auto/sapconnect/vendor/laravel/framework/src/Illuminate/Container/BoundMethod.php(95): Illuminate\\Container\\Util::unwrapIfClosure(Object(Closure))
#10 /Users/mohamedmahgoub/Desktop/Muntajat/Muntajat_auto/sapconnect/vendor/laravel/framework/src/Illuminate/Container/BoundMethod.php(35): Illuminate\\Container\\BoundMethod::callBoundMethod(Object(Illuminate\\Foundation\\Application), Array, Object(Closure))
#11 /Users/mohamedmahgoub/Desktop/Muntajat/Muntajat_auto/sapconnect/vendor/laravel/framework/src/Illuminate/Container/Container.php(696): Illuminate\\Container\\BoundMethod::call(Object(Illuminate\\Foundation\\Application), Array, Array, NULL)
#12 /Users/mohamedmahgoub/Desktop/Muntajat/Muntajat_auto/sapconnect/vendor/laravel/framework/src/Illuminate/Console/Command.php(213): Illuminate\\Container\\Container->call(Array)
#13 /Users/mohamedmahgoub/Desktop/Muntajat/Muntajat_auto/sapconnect/vendor/symfony/console/Command/Command.php(341): Illuminate\\Console\\Command->execute(Object(Symfony\\Component\\Console\\Input\\ArgvInput), Object(Illuminate\\Console\\OutputStyle))
#14 /Users/mohamedmahgoub/Desktop/Muntajat/Muntajat_auto/sapconnect/vendor/laravel/framework/src/Illuminate/Console/Command.php(182): Symfony\\Component\\Console\\Command\\Command->run(Object(Symfony\\Component\\Console\\Input\\ArgvInput), Object(Illuminate\\Console\\OutputStyle))
#15 /Users/mohamedmahgoub/Desktop/Muntajat/Muntajat_auto/sapconnect/vendor/symfony/console/Application.php(1117): Illuminate\\Console\\Command->run(Object(Symfony\\Component\\Console\\Input\\ArgvInput), Object(Symfony\\Component\\Console\\Output\\ConsoleOutput))
#16 /Users/mohamedmahgoub/Desktop/Muntajat/Muntajat_auto/sapconnect/vendor/symfony/console/Application.php(356): Symfony\\Component\\Console\\Application->doRunCommand(Object(Illuminate\\Cache\\Console\\ClearCommand), Object(Symfony\\Component\\Console\\Input\\ArgvInput), Object(Symfony\\Component\\Console\\Output\\ConsoleOutput))
#17 /Users/mohamedmahgoub/Desktop/Muntajat/Muntajat_auto/sapconnect/vendor/symfony/console/Application.php(195): Symfony\\Component\\Console\\Application->doRun(Object(Symfony\\Component\\Console\\Input\\ArgvInput), Object(Symfony\\Component\\Console\\Output\\ConsoleOutput))
#18 /Users/mohamedmahgoub/Desktop/Muntajat/Muntajat_auto/sapconnect/vendor/laravel/framework/src/Illuminate/Foundation/Console/Kernel.php(198): Symfony\\Component\\Console\\Application->run(Object(Symfony\\Component\\Console\\Input\\ArgvInput), Object(Symfony\\Component\\Console\\Output\\ConsoleOutput))
#19 /Users/mohamedmahgoub/Desktop/Muntajat/Muntajat_auto/sapconnect/vendor/laravel/framework/src/Illuminate/Foundation/Application.php(1235): Illuminate\\Foundation\\Console\\Kernel->handle(Object(Symfony\\Component\\Console\\Input\\ArgvInput), Object(Symfony\\Component\\Console\\Output\\ConsoleOutput))
#20 /Users/mohamedmahgoub/Desktop/Muntajat/Muntajat_auto/sapconnect/artisan(15): Illuminate\\Foundation\\Application->handleCommand(Object(Symfony\\Component\\Console\\Input\\ArgvInput), Object(Symfony\\Component\\Console\\Output\\ConsoleOutput))
#21 {main}

[previous exception] [object] (PDOException(code: HY000): SQLSTATE[HY000]: General error: 1 no such table: cache at /Users/mohamedmahgoub/Desktop/Muntajat/Muntajat_auto/sapconnect/vendor/laravel/framework/src/Illuminate/Database/Connection.php:592)
[stacktrace]
#0 /Users/mohamedmahgoub/Desktop/Muntajat/Muntajat_auto/sapconnect/vendor/laravel/framework/src/Illuminate/Database/Connection.php(592): PDO->prepare('delete from \"ca...')
#1 /Users/mohamedmahgoub/Desktop/Muntajat/Muntajat_auto/sapconnect/vendor/laravel/framework/src/Illuminate/Database/Connection.php(812): Illuminate\\Database\\Connection->Illuminate\\Database\\{closure}('delete from \"ca...', Array)
#2 /Users/mohamedmahgoub/Desktop/Muntajat/Muntajat_auto/sapconnect/vendor/laravel/framework/src/Illuminate/Database/Connection.php(779): Illuminate\\Database\\Connection->runQueryCallback('delete from \"ca...', Array, Object(Closure))
#3 /Users/mohamedmahgoub/Desktop/Muntajat/Muntajat_auto/sapconnect/vendor/laravel/framework/src/Illuminate/Database/Connection.php(584): Illuminate\\Database\\Connection->run('delete from \"ca...', Array, Object(Closure))
#4 /Users/mohamedmahgoub/Desktop/Muntajat/Muntajat_auto/sapconnect/vendor/laravel/framework/src/Illuminate/Database/Connection.php(548): Illuminate\\Database\\Connection->affectingStatement('delete from \"ca...', Array)
#5 /Users/mohamedmahgoub/Desktop/Muntajat/Muntajat_auto/sapconnect/vendor/laravel/framework/src/Illuminate/Database/Query/Builder.php(4024): Illuminate\\Database\\Connection->delete('delete from \"ca...', Array)
#6 /Users/mohamedmahgoub/Desktop/Muntajat/Muntajat_auto/sapconnect/vendor/laravel/framework/src/Illuminate/Cache/DatabaseStore.php(422): Illuminate\\Database\\Query\\Builder->delete()
#7 /Users/mohamedmahgoub/Desktop/Muntajat/Muntajat_auto/sapconnect/vendor/laravel/framework/src/Illuminate/Cache/Repository.php(792): Illuminate\\Cache\\DatabaseStore->flush()
#8 /Users/mohamedmahgoub/Desktop/Muntajat/Muntajat_auto/sapconnect/vendor/laravel/framework/src/Illuminate/Cache/Console/ClearCommand.php(69): Illuminate\\Cache\\Repository->__call('flush', Array)
#9 /Users/mohamedmahgoub/Desktop/Muntajat/Muntajat_auto/sapconnect/vendor/laravel/framework/src/Illuminate/Container/BoundMethod.php(36): Illuminate\\Cache\\Console\\ClearCommand->handle()
#10 /Users/mohamedmahgoub/Desktop/Muntajat/Muntajat_auto/sapconnect/vendor/laravel/framework/src/Illuminate/Container/Util.php(43): Illuminate\\Container\\BoundMethod::Illuminate\\Container\\{closure}()
#11 /Users/mohamedmahgoub/Desktop/Muntajat/Muntajat_auto/sapconnect/vendor/laravel/framework/src/Illuminate/Container/BoundMethod.php(95): Illuminate\\Container\\Util::unwrapIfClosure(Object(Closure))
#12 /Users/mohamedmahgoub/Desktop/Muntajat/Muntajat_auto/sapconnect/vendor/laravel/framework/src/Illuminate/Container/BoundMethod.php(35): Illuminate\\Container\\BoundMethod::callBoundMethod(Object(Illuminate\\Foundation\\Application), Array, Object(Closure))
#13 /Users/mohamedmahgoub/Desktop/Muntajat/Muntajat_auto/sapconnect/vendor/laravel/framework/src/Illuminate/Container/Container.php(696): Illuminate\\Container\\BoundMethod::call(Object(Illuminate\\Foundation\\Application), Array, Array, NULL)
#14 /Users/mohamedmahgoub/Desktop/Muntajat/Muntajat_auto/sapconnect/vendor/laravel/framework/src/Illuminate/Console/Command.php(213): Illuminate\\Container\\Container->call(Array)
#15 /Users/mohamedmahgoub/Desktop/Muntajat/Muntajat_auto/sapconnect/vendor/symfony/console/Command/Command.php(341): Illuminate\\Console\\Command->execute(Object(Symfony\\Component\\Console\\Input\\ArgvInput), Object(Illuminate\\Console\\OutputStyle))
#16 /Users/mohamedmahgoub/Desktop/Muntajat/Muntajat_auto/sapconnect/vendor/laravel/framework/src/Illuminate/Console/Command.php(182): Symfony\\Component\\Console\\Command\\Command->run(Object(Symfony\\Component\\Console\\Input\\ArgvInput), Object(Illuminate\\Console\\OutputStyle))
#17 /Users/mohamedmahgoub/Desktop/Muntajat/Muntajat_auto/sapconnect/vendor/symfony/console/Application.php(1117): Illuminate\\Console\\Command->run(Object(Symfony\\Component\\Console\\Input\\ArgvInput), Object(Symfony\\Component\\Console\\Output\\ConsoleOutput))
#18 /Users/mohamedmahgoub/Desktop/Muntajat/Muntajat_auto/sapconnect/vendor/symfony/console/Application.php(356): Symfony\\Component\\Console\\Application->doRunCommand(Object(Illuminate\\Cache\\Console\\ClearCommand), Object(Symfony\\Component\\Console\\Input\\ArgvInput), Object(Symfony\\Component\\Console\\Output\\ConsoleOutput))
#19 /Users/mohamedmahgoub/Desktop/Muntajat/Muntajat_auto/sapconnect/vendor/symfony/console/Application.php(195): Symfony\\Component\\Console\\Application->doRun(Object(Symfony\\Component\\Console\\Input\\ArgvInput), Object(Symfony\\Component\\Console\\Output\\ConsoleOutput))
#20 /Users/mohamedmahgoub/Desktop/Muntajat/Muntajat_auto/sapconnect/vendor/laravel/framework/src/Illuminate/Foundation/Console/Kernel.php(198): Symfony\\Component\\Console\\Application->run(Object(Symfony\\Component\\Console\\Input\\ArgvInput), Object(Symfony\\Component\\Console\\Output\\ConsoleOutput))
#21 /Users/mohamedmahgoub/Desktop/Muntajat/Muntajat_auto/sapconnect/vendor/laravel/framework/src/Illuminate/Foundation/Application.php(1235): Illuminate\\Foundation\\Console\\Kernel->handle(Object(Symfony\\Component\\Console\\Input\\ArgvInput), Object(Symfony\\Component\\Console\\Output\\ConsoleOutput))
#22 /Users/mohamedmahgoub/Desktop/Muntajat/Muntajat_auto/sapconnect/artisan(15): Illuminate\\Foundation\\Application->handleCommand(Object(Symfony\\Component\\Console\\Input\\ArgvInput), Object(Symfony\\Component\\Console\\Output\\ConsoleOutput))
#23 {main}
"} 
[2026-05-24 13:22:43] production.ERROR: SQLSTATE[HY000]: General error: 1 no such table: permissions (Connection: sqlite, SQL: select * from "permissions" where ("name" = view_any_sap_import and "guard_name" = web) limit 1) {"exception":"[object] (Illuminate\\Database\\QueryException(code: HY000): SQLSTATE[HY000]: General error: 1 no such table: permissions (Connection: sqlite, SQL: select * from \"permissions\" where (\"name\" = view_any_sap_import and \"guard_name\" = web) limit 1) at /Users/mohamedmahgoub/Desktop/Muntajat/Muntajat_auto/sapconnect/vendor/laravel/framework/src/Illuminate/Database/Connection.php:825)
[stacktrace]
#0 /Users/mohamedmahgoub/Desktop/Muntajat/Muntajat_auto/sapconnect/vendor/laravel/framework/src/Illuminate/Database/Connection.php(779): Illuminate\\Database\\Connection->runQueryCallback('select * from \"...', Array, Object(Closure))
#1 /Users/mohamedmahgoub/Desktop/Muntajat/Muntajat_auto/sapconnect/vendor/laravel/framework/src/Illuminate/Database/Connection.php(398): Illuminate\\Database\\Connection->run('select * from \"...', Array, Object(Closure))
#2 /Users/mohamedmahgoub/Desktop/Muntajat/Muntajat_auto/sapconnect/vendor/laravel/framework/src/Illuminate/Database/Query/Builder.php(3106): Illuminate\\Database\\Connection->select('select * from \"...', Array, true)
#3 /Users/mohamedmahgoub/Desktop/Muntajat/Muntajat_auto/sapconnect/vendor/laravel/framework/src/Illuminate/Database/Query/Builder.php(3091): Illuminate\\Database\\Query\\Builder->runSelect()
#4 /Users/mohamedmahgoub/Desktop/Muntajat/Muntajat_auto/sapconnect/vendor/laravel/framework/src/Illuminate/Database/Query/Builder.php(3676): Illuminate\\Database\\Query\\Builder->Illuminate\\Database\\Query\\{closure}()
#5 /Users/mohamedmahgoub/Desktop/Muntajat/Muntajat_auto/sapconnect/vendor/laravel/framework/src/Illuminate/Database/Query/Builder.php(3090): Illuminate\\Database\\Query\\Builder->onceWithColumns(Array, Object(Closure))
#6 /Users/mohamedmahgoub/Desktop/Muntajat/Muntajat_auto/sapconnect/vendor/laravel/framework/src/Illuminate/Database/Eloquent/Builder.php(811): Illuminate\\Database\\Query\\Builder->get(Array)
#7 /Users/mohamedmahgoub/Desktop/Muntajat/Muntajat_auto/sapconnect/vendor/laravel/framework/src/Illuminate/Database/Eloquent/Builder.php(793): Illuminate\\Database\\Eloquent\\Builder->getModels(Array)
#8 /Users/mohamedmahgoub/Desktop/Muntajat/Muntajat_auto/sapconnect/vendor/laravel/framework/src/Illuminate/Database/Concerns/BuildsQueries.php(343): Illuminate\\Database\\Eloquent\\Builder->get(Array)
#9 /Users/mohamedmahgoub/Desktop/Muntajat/Muntajat_auto/sapconnect/vendor/laravel/framework/src/Illuminate/Database/Eloquent/Builder.php(617): Illuminate\\Database\\Eloquent\\Builder->first()
#10 /Users/mohamedmahgoub/Desktop/Muntajat/Muntajat_auto/sapconnect/vendor/laravel/framework/src/Illuminate/Support/Traits/ForwardsCalls.php(23): Illuminate\\Database\\Eloquent\\Builder->firstOrCreate(Array)
#11 /Users/mohamedmahgoub/Desktop/Muntajat/Muntajat_auto/sapconnect/vendor/laravel/framework/src/Illuminate/Database/Eloquent/Model.php(2372): Illuminate\\Database\\Eloquent\\Model->forwardCallTo(Object(Illuminate\\Database\\Eloquent\\Builder), 'firstOrCreate', Array)
#12 /Users/mohamedmahgoub/Desktop/Muntajat/Muntajat_auto/sapconnect/vendor/laravel/framework/src/Illuminate/Database/Eloquent/Model.php(2384): Illuminate\\Database\\Eloquent\\Model->__call('firstOrCreate', Array)
#13 /Users/mohamedmahgoub/Desktop/Muntajat/Muntajat_auto/sapconnect/database/migrations/2025_01_01_000006_setup_rbac_for_sap_imports.php(29): Illuminate\\Database\\Eloquent\\Model::__callStatic('firstOrCreate', Array)
#14 /Users/mohamedmahgoub/Desktop/Muntajat/Muntajat_auto/sapconnect/vendor/laravel/framework/src/Illuminate/Database/Migrations/Migrator.php(507): Illuminate\\Database\\Migrations\\Migration@anonymous->up()
#15 /Users/mohamedmahgoub/Desktop/Muntajat/Muntajat_auto/sapconnect/vendor/laravel/framework/src/Illuminate/Database/Migrations/Migrator.php(432): Illuminate\\Database\\Migrations\\Migrator->runMethod(Object(Illuminate\\Database\\SQLiteConnection), Object(Illuminate\\Database\\Migrations\\Migration@anonymous), 'up')
#16 /Users/mohamedmahgoub/Desktop/Muntajat/Muntajat_auto/sapconnect/vendor/laravel/framework/src/Illuminate/Database/Migrations/Migrator.php(441): Illuminate\\Database\\Migrations\\Migrator->Illuminate\\Database\\Migrations\\{closure}()
#17 /Users/mohamedmahgoub/Desktop/Muntajat/Muntajat_auto/sapconnect/vendor/laravel/framework/src/Illuminate/Database/Migrations/Migrator.php(244): Illuminate\\Database\\Migrations\\Migrator->runMigration(Object(Illuminate\\Database\\Migrations\\Migration@anonymous), 'up')
#18 /Users/mohamedmahgoub/Desktop/Muntajat/Muntajat_auto/sapconnect/vendor/laravel/framework/src/Illuminate/Console/View/Components/Task.php(40): Illuminate\\Database\\Migrations\\Migrator->Illuminate\\Database\\Migrations\\{closure}()
#19 /Users/mohamedmahgoub/Desktop/Muntajat/Muntajat_auto/sapconnect/vendor/laravel/framework/src/Illuminate/Database/Migrations/Migrator.php(798): Illuminate\\Console\\View\\Components\\Task->render('2025_01_01_0000...', Object(Closure))
#20 /Users/mohamedmahgoub/Desktop/Muntajat/Muntajat_auto/sapconnect/vendor/laravel/framework/src/Illuminate/Database/Migrations/Migrator.php(244): Illuminate\\Database\\Migrations\\Migrator->write('Illuminate\\\\Cons...', '2025_01_01_0000...', Object(Closure))
#21 /Users/mohamedmahgoub/Desktop/Muntajat/Muntajat_auto/sapconnect/vendor/laravel/framework/src/Illuminate/Database/Migrations/Migrator.php(211): Illuminate\\Database\\Migrations\\Migrator->runUp('/Users/mohamedm...', 1, false)
#22 /Users/mohamedmahgoub/Desktop/Muntajat/Muntajat_auto/sapconnect/vendor/laravel/framework/src/Illuminate/Database/Migrations/Migrator.php(138): Illuminate\\Database\\Migrations\\Migrator->runPending(Array, Array)
#23 /Users/mohamedmahgoub/Desktop/Muntajat/Muntajat_auto/sapconnect/vendor/laravel/framework/src/Illuminate/Database/Console/Migrations/MigrateCommand.php(117): Illuminate\\Database\\Migrations\\Migrator->run(Array, Array)
#24 /Users/mohamedmahgoub/Desktop/Muntajat/Muntajat_auto/sapconnect/vendor/laravel/framework/src/Illuminate/Database/Migrations/Migrator.php(658): Illuminate\\Database\\Console\\Migrations\\MigrateCommand->Illuminate\\Database\\Console\\Migrations\\{closure}()
#25 /Users/mohamedmahgoub/Desktop/Muntajat/Muntajat_auto/sapconnect/vendor/laravel/framework/src/Illuminate/Database/Console/Migrations/MigrateCommand.php(110): Illuminate\\Database\\Migrations\\Migrator->usingConnection(NULL, Object(Closure))
#26 /Users/mohamedmahgoub/Desktop/Muntajat/Muntajat_auto/sapconnect/vendor/laravel/framework/src/Illuminate/Database/Console/Migrations/MigrateCommand.php(89): Illuminate\\Database\\Console\\Migrations\\MigrateCommand->runMigrations()
#27 /Users/mohamedmahgoub/Desktop/Muntajat/Muntajat_auto/sapconnect/vendor/laravel/framework/src/Illuminate/Container/BoundMethod.php(36): Illuminate\\Database\\Console\\Migrations\\MigrateCommand->handle()
#28 /Users/mohamedmahgoub/Desktop/Muntajat/Muntajat_auto/sapconnect/vendor/laravel/framework/src/Illuminate/Container/Util.php(43): Illuminate\\Container\\BoundMethod::Illuminate\\Container\\{closure}()
#29 /Users/mohamedmahgoub/Desktop/Muntajat/Muntajat_auto/sapconnect/vendor/laravel/framework/src/Illuminate/Container/BoundMethod.php(95): Illuminate\\Container\\Util::unwrapIfClosure(Object(Closure))
#30 /Users/mohamedmahgoub/Desktop/Muntajat/Muntajat_auto/sapconnect/vendor/laravel/framework/src/Illuminate/Container/BoundMethod.php(35): Illuminate\\Container\\BoundMethod::callBoundMethod(Object(Illuminate\\Foundation\\Application), Array, Object(Closure))
#31 /Users/mohamedmahgoub/Desktop/Muntajat/Muntajat_auto/sapconnect/vendor/laravel/framework/src/Illuminate/Container/Container.php(696): Illuminate\\Container\\BoundMethod::call(Object(Illuminate\\Foundation\\Application), Array, Array, NULL)
#32 /Users/mohamedmahgoub/Desktop/Muntajat/Muntajat_auto/sapconnect/vendor/laravel/framework/src/Illuminate/Console/Command.php(213): Illuminate\\Container\\Container->call(Array)
#33 /Users/mohamedmahgoub/Desktop/Muntajat/Muntajat_auto/sapconnect/vendor/symfony/console/Command/Command.php(341): Illuminate\\Console\\Command->execute(Object(Symfony\\Component\\Console\\Input\\ArgvInput), Object(Illuminate\\Console\\OutputStyle))
#34 /Users/mohamedmahgoub/Desktop/Muntajat/Muntajat_auto/sapconnect/vendor/laravel/framework/src/Illuminate/Console/Command.php(182): Symfony\\Component\\Console\\Command\\Command->run(Object(Symfony\\Component\\Console\\Input\\ArgvInput), Object(Illuminate\\Console\\OutputStyle))
#35 /Users/mohamedmahgoub/Desktop/Muntajat/Muntajat_auto/sapconnect/vendor/symfony/console/Application.php(1117): Illuminate\\Console\\Command->run(Object(Symfony\\Component\\Console\\Input\\ArgvInput), Object(Symfony\\Component\\Console\\Output\\ConsoleOutput))
#36 /Users/mohamedmahgoub/Desktop/Muntajat/Muntajat_auto/sapconnect/vendor/symfony/console/Application.php(356): Symfony\\Component\\Console\\Application->doRunCommand(Object(Illuminate\\Database\\Console\\Migrations\\MigrateCommand), Object(Symfony\\Component\\Console\\Input\\ArgvInput), Object(Symfony\\Component\\Console\\Output\\ConsoleOutput))
#37 /Users/mohamedmahgoub/Desktop/Muntajat/Muntajat_auto/sapconnect/vendor/symfony/console/Application.php(195): Symfony\\Component\\Console\\Application->doRun(Object(Symfony\\Component\\Console\\Input\\ArgvInput), Object(Symfony\\Component\\Console\\Output\\ConsoleOutput))
#38 /Users/mohamedmahgoub/Desktop/Muntajat/Muntajat_auto/sapconnect/vendor/laravel/framework/src/Illuminate/Foundation/Console/Kernel.php(198): Symfony\\Component\\Console\\Application->run(Object(Symfony\\Component\\Console\\Input\\ArgvInput), Object(Symfony\\Component\\Console\\Output\\ConsoleOutput))
#39 /Users/mohamedmahgoub/Desktop/Muntajat/Muntajat_auto/sapconnect/vendor/laravel/framework/src/Illuminate/Foundation/Application.php(1235): Illuminate\\Foundation\\Console\\Kernel->handle(Object(Symfony\\Component\\Console\\Input\\ArgvInput), Object(Symfony\\Component\\Console\\Output\\ConsoleOutput))
#40 /Users/mohamedmahgoub/Desktop/Muntajat/Muntajat_auto/sapconnect/artisan(15): Illuminate\\Foundation\\Application->handleCommand(Object(Symfony\\Component\\Console\\Input\\ArgvInput), Object(Symfony\\Component\\Console\\Output\\ConsoleOutput))
#41 {main}

[previous exception] [object] (PDOException(code: HY000): SQLSTATE[HY000]: General error: 1 no such table: permissions at /Users/mohamedmahgoub/Desktop/Muntajat/Muntajat_auto/sapconnect/vendor/laravel/framework/src/Illuminate/Database/Connection.php:407)
[stacktrace]
#0 /Users/mohamedmahgoub/Desktop/Muntajat/Muntajat_auto/sapconnect/vendor/laravel/framework/src/Illuminate/Database/Connection.php(407): PDO->prepare('select * from \"...')
#1 /Users/mohamedmahgoub/Desktop/Muntajat/Muntajat_auto/sapconnect/vendor/laravel/framework/src/Illuminate/Database/Connection.php(812): Illuminate\\Database\\Connection->Illuminate\\Database\\{closure}('select * from \"...', Array)
#2 /Users/mohamedmahgoub/Desktop/Muntajat/Muntajat_auto/sapconnect/vendor/laravel/framework/src/Illuminate/Database/Connection.php(779): Illuminate\\Database\\Connection->runQueryCallback('select * from \"...', Array, Object(Closure))
#3 /Users/mohamedmahgoub/Desktop/Muntajat/Muntajat_auto/sapconnect/vendor/laravel/framework/src/Illuminate/Database/Connection.php(398): Illuminate\\Database\\Connection->run('select * from \"...', Array, Object(Closure))
#4 /Users/mohamedmahgoub/Desktop/Muntajat/Muntajat_auto/sapconnect/vendor/laravel/framework/src/Illuminate/Database/Query/Builder.php(3106): Illuminate\\Database\\Connection->select('select * from \"...', Array, true)
#5 /Users/mohamedmahgoub/Desktop/Muntajat/Muntajat_auto/sapconnect/vendor/laravel/framework/src/Illuminate/Database/Query/Builder.php(3091): Illuminate\\Database\\Query\\Builder->runSelect()
#6 /Users/mohamedmahgoub/Desktop/Muntajat/Muntajat_auto/sapconnect/vendor/laravel/framework/src/Illuminate/Database/Query/Builder.php(3676): Illuminate\\Database\\Query\\Builder->Illuminate\\Database\\Query\\{closure}()
#7 /Users/mohamedmahgoub/Desktop/Muntajat/Muntajat_auto/sapconnect/vendor/laravel/framework/src/Illuminate/Database/Query/Builder.php(3090): Illuminate\\Database\\Query\\Builder->onceWithColumns(Array, Object(Closure))
#8 /Users/mohamedmahgoub/Desktop/Muntajat/Muntajat_auto/sapconnect/vendor/laravel/framework/src/Illuminate/Database/Eloquent/Builder.php(811): Illuminate\\Database\\Query\\Builder->get(Array)
#9 /Users/mohamedmahgoub/Desktop/Muntajat/Muntajat_auto/sapconnect/vendor/laravel/framework/src/Illuminate/Database/Eloquent/Builder.php(793): Illuminate\\Database\\Eloquent\\Builder->getModels(Array)
#10 /Users/mohamedmahgoub/Desktop/Muntajat/Muntajat_auto/sapconnect/vendor/laravel/framework/src/Illuminate/Database/Concerns/BuildsQueries.php(343): Illuminate\\Database\\Eloquent\\Builder->get(Array)
#11 /Users/mohamedmahgoub/Desktop/Muntajat/Muntajat_auto/sapconnect/vendor/laravel/framework/src/Illuminate/Database/Eloquent/Builder.php(617): Illuminate\\Database\\Eloquent\\Builder->first()
#12 /Users/mohamedmahgoub/Desktop/Muntajat/Muntajat_auto/sapconnect/vendor/laravel/framework/src/Illuminate/Support/Traits/ForwardsCalls.php(23): Illuminate\\Database\\Eloquent\\Builder->firstOrCreate(Array)
#13 /Users/mohamedmahgoub/Desktop/Muntajat/Muntajat_auto/sapconnect/vendor/laravel/framework/src/Illuminate/Database/Eloquent/Model.php(2372): Illuminate\\Database\\Eloquent\\Model->forwardCallTo(Object(Illuminate\\Database\\Eloquent\\Builder), 'firstOrCreate', Array)
#14 /Users/mohamedmahgoub/Desktop/Muntajat/Muntajat_auto/sapconnect/vendor/laravel/framework/src/Illuminate/Database/Eloquent/Model.php(2384): Illuminate\\Database\\Eloquent\\Model->__call('firstOrCreate', Array)
#15 /Users/mohamedmahgoub/Desktop/Muntajat/Muntajat_auto/sapconnect/database/migrations/2025_01_01_000006_setup_rbac_for_sap_imports.php(29): Illuminate\\Database\\Eloquent\\Model::__callStatic('firstOrCreate', Array)
#16 /Users/mohamedmahgoub/Desktop/Muntajat/Muntajat_auto/sapconnect/vendor/laravel/framework/src/Illuminate/Database/Migrations/Migrator.php(507): Illuminate\\Database\\Migrations\\Migration@anonymous->up()
#17 /Users/mohamedmahgoub/Desktop/Muntajat/Muntajat_auto/sapconnect/vendor/laravel/framework/src/Illuminate/Database/Migrations/Migrator.php(432): Illuminate\\Database\\Migrations\\Migrator->runMethod(Object(Illuminate\\Database\\SQLiteConnection), Object(Illuminate\\Database\\Migrations\\Migration@anonymous), 'up')
#18 /Users/mohamedmahgoub/Desktop/Muntajat/Muntajat_auto/sapconnect/vendor/laravel/framework/src/Illuminate/Database/Migrations/Migrator.php(441): Illuminate\\Database\\Migrations\\Migrator->Illuminate\\Database\\Migrations\\{closure}()
#19 /Users/mohamedmahgoub/Desktop/Muntajat/Muntajat_auto/sapconnect/vendor/laravel/framework/src/Illuminate/Database/Migrations/Migrator.php(244): Illuminate\\Database\\Migrations\\Migrator->runMigration(Object(Illuminate\\Database\\Migrations\\Migration@anonymous), 'up')
#20 /Users/mohamedmahgoub/Desktop/Muntajat/Muntajat_auto/sapconnect/vendor/laravel/framework/src/Illuminate/Console/View/Components/Task.php(40): Illuminate\\Database\\Migrations\\Migrator->Illuminate\\Database\\Migrations\\{closure}()
#21 /Users/mohamedmahgoub/Desktop/Muntajat/Muntajat_auto/sapconnect/vendor/laravel/framework/src/Illuminate/Database/Migrations/Migrator.php(798): Illuminate\\Console\\View\\Components\\Task->render('2025_01_01_0000...', Object(Closure))
#22 /Users/mohamedmahgoub/Desktop/Muntajat/Muntajat_auto/sapconnect/vendor/laravel/framework/src/Illuminate/Database/Migrations/Migrator.php(244): Illuminate\\Database\\Migrations\\Migrator->write('Illuminate\\\\Cons...', '2025_01_01_0000...', Object(Closure))
#23 /Users/mohamedmahgoub/Desktop/Muntajat/Muntajat_auto/sapconnect/vendor/laravel/framework/src/Illuminate/Database/Migrations/Migrator.php(211): Illuminate\\Database\\Migrations\\Migrator->runUp('/Users/mohamedm...', 1, false)
#24 /Users/mohamedmahgoub/Desktop/Muntajat/Muntajat_auto/sapconnect/vendor/laravel/framework/src/Illuminate/Database/Migrations/Migrator.php(138): Illuminate\\Database\\Migrations\\Migrator->runPending(Array, Array)
#25 /Users/mohamedmahgoub/Desktop/Muntajat/Muntajat_auto/sapconnect/vendor/laravel/framework/src/Illuminate/Database/Console/Migrations/MigrateCommand.php(117): Illuminate\\Database\\Migrations\\Migrator->run(Array, Array)
#26 /Users/mohamedmahgoub/Desktop/Muntajat/Muntajat_auto/sapconnect/vendor/laravel/framework/src/Illuminate/Database/Migrations/Migrator.php(658): Illuminate\\Database\\Console\\Migrations\\MigrateCommand->Illuminate\\Database\\Console\\Migrations\\{closure}()
#27 /Users/mohamedmahgoub/Desktop/Muntajat/Muntajat_auto/sapconnect/vendor/laravel/framework/src/Illuminate/Database/Console/Migrations/MigrateCommand.php(110): Illuminate\\Database\\Migrations\\Migrator->usingConnection(NULL, Object(Closure))
#28 /Users/mohamedmahgoub/Desktop/Muntajat/Muntajat_auto/sapconnect/vendor/laravel/framework/src/Illuminate/Database/Console/Migrations/MigrateCommand.php(89): Illuminate\\Database\\Console\\Migrations\\MigrateCommand->runMigrations()
#29 /Users/mohamedmahgoub/Desktop/Muntajat/Muntajat_auto/sapconnect/vendor/laravel/framework/src/Illuminate/Container/BoundMethod.php(36): Illuminate\\Database\\Console\\Migrations\\MigrateCommand->handle()
#30 /Users/mohamedmahgoub/Desktop/Muntajat/Muntajat_auto/sapconnect/vendor/laravel/framework/src/Illuminate/Container/Util.php(43): Illuminate\\Container\\BoundMethod::Illuminate\\Container\\{closure}()
#31 /Users/mohamedmahgoub/Desktop/Muntajat/Muntajat_auto/sapconnect/vendor/laravel/framework/src/Illuminate/Container/BoundMethod.php(95): Illuminate\\Container\\Util::unwrapIfClosure(Object(Closure))
#32 /Users/mohamedmahgoub/Desktop/Muntajat/Muntajat_auto/sapconnect/vendor/laravel/framework/src/Illuminate/Container/BoundMethod.php(35): Illuminate\\Container\\BoundMethod::callBoundMethod(Object(Illuminate\\Foundation\\Application), Array, Object(Closure))
#33 /Users/mohamedmahgoub/Desktop/Muntajat/Muntajat_auto/sapconnect/vendor/laravel/framework/src/Illuminate/Container/Container.php(696): Illuminate\\Container\\BoundMethod::call(Object(Illuminate\\Foundation\\Application), Array, Array, NULL)
#34 /Users/mohamedmahgoub/Desktop/Muntajat/Muntajat_auto/sapconnect/vendor/laravel/framework/src/Illuminate/Console/Command.php(213): Illuminate\\Container\\Container->call(Array)
#35 /Users/mohamedmahgoub/Desktop/Muntajat/Muntajat_auto/sapconnect/vendor/symfony/console/Command/Command.php(341): Illuminate\\Console\\Command->execute(Object(Symfony\\Component\\Console\\Input\\ArgvInput), Object(Illuminate\\Console\\OutputStyle))
#36 /Users/mohamedmahgoub/Desktop/Muntajat/Muntajat_auto/sapconnect/vendor/laravel/framework/src/Illuminate/Console/Command.php(182): Symfony\\Component\\Console\\Command\\Command->run(Object(Symfony\\Component\\Console\\Input\\ArgvInput), Object(Illuminate\\Console\\OutputStyle))
#37 /Users/mohamedmahgoub/Desktop/Muntajat/Muntajat_auto/sapconnect/vendor/symfony/console/Application.php(1117): Illuminate\\Console\\Command->run(Object(Symfony\\Component\\Console\\Input\\ArgvInput), Object(Symfony\\Component\\Console\\Output\\ConsoleOutput))
#38 /Users/mohamedmahgoub/Desktop/Muntajat/Muntajat_auto/sapconnect/vendor/symfony/console/Application.php(356): Symfony\\Component\\Console\\Application->doRunCommand(Object(Illuminate\\Database\\Console\\Migrations\\MigrateCommand), Object(Symfony\\Component\\Console\\Input\\ArgvInput), Object(Symfony\\Component\\Console\\Output\\ConsoleOutput))
#39 /Users/mohamedmahgoub/Desktop/Muntajat/Muntajat_auto/sapconnect/vendor/symfony/console/Application.php(195): Symfony\\Component\\Console\\Application->doRun(Object(Symfony\\Component\\Console\\Input\\ArgvInput), Object(Symfony\\Component\\Console\\Output\\ConsoleOutput))
#40 /Users/mohamedmahgoub/Desktop/Muntajat/Muntajat_auto/sapconnect/vendor/laravel/framework/src/Illuminate/Foundation/Console/Kernel.php(198): Symfony\\Component\\Console\\Application->run(Object(Symfony\\Component\\Console\\Input\\ArgvInput), Object(Symfony\\Component\\Console\\Output\\ConsoleOutput))
#41 /Users/mohamedmahgoub/Desktop/Muntajat/Muntajat_auto/sapconnect/vendor/laravel/framework/src/Illuminate/Foundation/Application.php(1235): Illuminate\\Foundation\\Console\\Kernel->handle(Object(Symfony\\Component\\Console\\Input\\ArgvInput), Object(Symfony\\Component\\Console\\Output\\ConsoleOutput))
#42 /Users/mohamedmahgoub/Desktop/Muntajat/Muntajat_auto/sapconnect/artisan(15): Illuminate\\Foundation\\Application->handleCommand(Object(Symfony\\Component\\Console\\Input\\ArgvInput), Object(Symfony\\Component\\Console\\Output\\ConsoleOutput))
#43 {main}
"} 
[2026-05-24 17:07:08] production.ERROR: SQLSTATE[HY000]: General error: 1 no such table: purchase_orders (Connection: sqlite, SQL: select * from "purchase_orders") {"exception":"[object] (Illuminate\\Database\\QueryException(code: HY000): SQLSTATE[HY000]: General error: 1 no such table: purchase_orders (Connection: sqlite, SQL: select * from \"purchase_orders\") at /Users/mohamedmahgoub/Desktop/Muntajat/Muntajat_auto/sapconnect/vendor/laravel/framework/src/Illuminate/Database/Connection.php:825)
[stacktrace]
#0 /Users/mohamedmahgoub/Desktop/Muntajat/Muntajat_auto/sapconnect/vendor/laravel/framework/src/Illuminate/Database/Connection.php(779): Illuminate\\Database\\Connection->runQueryCallback('select * from \"...', Array, Object(Closure))
#1 /Users/mohamedmahgoub/Desktop/Muntajat/Muntajat_auto/sapconnect/vendor/laravel/framework/src/Illuminate/Database/Connection.php(398): Illuminate\\Database\\Connection->run('select * from \"...', Array, Object(Closure))
#2 /Users/mohamedmahgoub/Desktop/Muntajat/Muntajat_auto/sapconnect/vendor/laravel/framework/src/Illuminate/Database/Query/Builder.php(3106): Illuminate\\Database\\Connection->select('select * from \"...', Array, true)
#3 /Users/mohamedmahgoub/Desktop/Muntajat/Muntajat_auto/sapconnect/vendor/laravel/framework/src/Illuminate/Database/Query/Builder.php(3091): Illuminate\\Database\\Query\\Builder->runSelect()
#4 /Users/mohamedmahgoub/Desktop/Muntajat/Muntajat_auto/sapconnect/vendor/laravel/framework/src/Illuminate/Database/Query/Builder.php(3676): Illuminate\\Database\\Query\\Builder->Illuminate\\Database\\Query\\{closure}()
#5 /Users/mohamedmahgoub/Desktop/Muntajat/Muntajat_auto/sapconnect/vendor/laravel/framework/src/Illuminate/Database/Query/Builder.php(3090): Illuminate\\Database\\Query\\Builder->onceWithColumns(Array, Object(Closure))
#6 /Users/mohamedmahgoub/Desktop/Muntajat/Muntajat_auto/sapconnect/vendor/laravel/framework/src/Illuminate/Database/Eloquent/Builder.php(811): Illuminate\\Database\\Query\\Builder->get(Array)
#7 /Users/mohamedmahgoub/Desktop/Muntajat/Muntajat_auto/sapconnect/vendor/laravel/framework/src/Illuminate/Database/Eloquent/Builder.php(793): Illuminate\\Database\\Eloquent\\Builder->getModels(Array)
#8 /Users/mohamedmahgoub/Desktop/Muntajat/Muntajat_auto/sapconnect/fix_brands_suppliers.php(9): Illuminate\\Database\\Eloquent\\Builder->get()
#9 {main}

[previous exception] [object] (PDOException(code: HY000): SQLSTATE[HY000]: General error: 1 no such table: purchase_orders at /Users/mohamedmahgoub/Desktop/Muntajat/Muntajat_auto/sapconnect/vendor/laravel/framework/src/Illuminate/Database/Connection.php:407)
[stacktrace]
#0 /Users/mohamedmahgoub/Desktop/Muntajat/Muntajat_auto/sapconnect/vendor/laravel/framework/src/Illuminate/Database/Connection.php(407): PDO->prepare('select * from \"...')
#1 /Users/mohamedmahgoub/Desktop/Muntajat/Muntajat_auto/sapconnect/vendor/laravel/framework/src/Illuminate/Database/Connection.php(812): Illuminate\\Database\\Connection->Illuminate\\Database\\{closure}('select * from \"...', Array)
#2 /Users/mohamedmahgoub/Desktop/Muntajat/Muntajat_auto/sapconnect/vendor/laravel/framework/src/Illuminate/Database/Connection.php(779): Illuminate\\Database\\Connection->runQueryCallback('select * from \"...', Array, Object(Closure))
#3 /Users/mohamedmahgoub/Desktop/Muntajat/Muntajat_auto/sapconnect/vendor/laravel/framework/src/Illuminate/Database/Connection.php(398): Illuminate\\Database\\Connection->run('select * from \"...', Array, Object(Closure))
#4 /Users/mohamedmahgoub/Desktop/Muntajat/Muntajat_auto/sapconnect/vendor/laravel/framework/src/Illuminate/Database/Query/Builder.php(3106): Illuminate\\Database\\Connection->select('select * from \"...', Array, true)
#5 /Users/mohamedmahgoub/Desktop/Muntajat/Muntajat_auto/sapconnect/vendor/laravel/framework/src/Illuminate/Database/Query/Builder.php(3091): Illuminate\\Database\\Query\\Builder->runSelect()
#6 /Users/mohamedmahgoub/Desktop/Muntajat/Muntajat_auto/sapconnect/vendor/laravel/framework/src/Illuminate/Database/Query/Builder.php(3676): Illuminate\\Database\\Query\\Builder->Illuminate\\Database\\Query\\{closure}()
#7 /Users/mohamedmahgoub/Desktop/Muntajat/Muntajat_auto/sapconnect/vendor/laravel/framework/src/Illuminate/Database/Query/Builder.php(3090): Illuminate\\Database\\Query\\Builder->onceWithColumns(Array, Object(Closure))
#8 /Users/mohamedmahgoub/Desktop/Muntajat/Muntajat_auto/sapconnect/vendor/laravel/framework/src/Illuminate/Database/Eloquent/Builder.php(811): Illuminate\\Database\\Query\\Builder->get(Array)
#9 /Users/mohamedmahgoub/Desktop/Muntajat/Muntajat_auto/sapconnect/vendor/laravel/framework/src/Illuminate/Database/Eloquent/Builder.php(793): Illuminate\\Database\\Eloquent\\Builder->getModels(Array)
#10 /Users/mohamedmahgoub/Desktop/Muntajat/Muntajat_auto/sapconnect/fix_brands_suppliers.php(9): Illuminate\\Database\\Eloquent\\Builder->get()
#11 {main}
"} 
